

================================================================
== Vivado HLS Report for 'matrix_mult'
================================================================
* Date:           Tue Nov  1 16:12:38 2022

* Version:        2018.3 (Build 2405991 on Thu Dec 06 23:56:15 MST 2018)
* Project:        testTPU
* Solution:       solution1
* Product family: zynquplus
* Target device:  xczu9eg-ffvb1156-2-i


================================================================
== Performance Estimates
================================================================
+ Timing (ns): 
    * Summary: 
    +--------+-------+----------+------------+
    |  Clock | Target| Estimated| Uncertainty|
    +--------+-------+----------+------------+
    |ap_clk  |  10.00|     8.151|        1.25|
    +--------+-------+----------+------------+

+ Latency (clock cycles): 
    * Summary: 
    +------+------+------+------+---------+
    |   Latency   |   Interval  | Pipeline|
    |  min |  max |  min |  max |   Type  |
    +------+------+------+------+---------+
    |  4099|  4099|  4099|  4099|   none  |
    +------+------+------+------+---------+

    + Detail: 
        * Instance: 
        N/A

        * Loop: 
        +----------+------+------+----------+-----------+-----------+------+----------+
        |          |   Latency   | Iteration|  Initiation Interval  | Trip |          |
        | Loop Name|  min |  max |  Latency |  achieved |   target  | Count| Pipelined|
        +----------+------+------+----------+-----------+-----------+------+----------+
        |- Loop 1  |  4097|  4097|         3|          1|          1|  4096|    yes   |
        +----------+------+------+----------+-----------+-----------+------+----------+



================================================================
== Utilization Estimates
================================================================
* Summary: 
+-----------------+---------+-------+--------+--------+-----+
|       Name      | BRAM_18K| DSP48E|   FF   |   LUT  | URAM|
+-----------------+---------+-------+--------+--------+-----+
|DSP              |        -|      -|       -|       -|    -|
|Expression       |        -|    192|       0|    4781|    -|
|FIFO             |        -|      -|       -|       -|    -|
|Instance         |        -|      -|       -|       -|    -|
|Memory           |        -|      -|       -|       -|    -|
|Multiplexer      |        -|      -|       -|      90|    -|
|Register         |        -|      -|     376|       -|    -|
+-----------------+---------+-------+--------+--------+-----+
|Total            |        0|    192|     376|    4871|    0|
+-----------------+---------+-------+--------+--------+-----+
|Available        |     1824|   2520|  548160|  274080|    0|
+-----------------+---------+-------+--------+--------+-----+
|Utilization (%)  |        0|      7|   ~0   |       1|    0|
+-----------------+---------+-------+--------+--------+-----+

+ Detail: 
    * Instance: 
    N/A

    * DSP48: 
    N/A

    * Memory: 
    N/A

    * FIFO: 
    N/A

    * Expression: 
    +-------------------------------+----------+-------+---+----+------------+------------+
    |         Variable Name         | Operation| DSP48E| FF| LUT| Bitwidth P0| Bitwidth P1|
    +-------------------------------+----------+-------+---+----+------------+------------+
    |tmp_4_10_fu_770_p2             |     *    |      3|  0|  20|          32|          32|
    |tmp_4_11_fu_796_p2             |     *    |      3|  0|  20|          32|          32|
    |tmp_4_12_fu_822_p2             |     *    |      3|  0|  20|          32|          32|
    |tmp_4_13_fu_848_p2             |     *    |      3|  0|  20|          32|          32|
    |tmp_4_14_fu_874_p2             |     *    |      3|  0|  20|          32|          32|
    |tmp_4_15_fu_900_p2             |     *    |      3|  0|  20|          32|          32|
    |tmp_4_16_fu_926_p2             |     *    |      3|  0|  20|          32|          32|
    |tmp_4_17_fu_952_p2             |     *    |      3|  0|  20|          32|          32|
    |tmp_4_18_fu_978_p2             |     *    |      3|  0|  20|          32|          32|
    |tmp_4_19_fu_1004_p2            |     *    |      3|  0|  20|          32|          32|
    |tmp_4_1_fu_510_p2              |     *    |      3|  0|  20|          32|          32|
    |tmp_4_20_fu_1030_p2            |     *    |      3|  0|  20|          32|          32|
    |tmp_4_21_fu_1056_p2            |     *    |      3|  0|  20|          32|          32|
    |tmp_4_22_fu_1082_p2            |     *    |      3|  0|  20|          32|          32|
    |tmp_4_23_fu_1108_p2            |     *    |      3|  0|  20|          32|          32|
    |tmp_4_24_fu_1134_p2            |     *    |      3|  0|  20|          32|          32|
    |tmp_4_25_fu_1160_p2            |     *    |      3|  0|  20|          32|          32|
    |tmp_4_26_fu_1186_p2            |     *    |      3|  0|  20|          32|          32|
    |tmp_4_27_fu_1212_p2            |     *    |      3|  0|  20|          32|          32|
    |tmp_4_28_fu_1238_p2            |     *    |      3|  0|  20|          32|          32|
    |tmp_4_29_fu_1264_p2            |     *    |      3|  0|  20|          32|          32|
    |tmp_4_2_fu_536_p2              |     *    |      3|  0|  20|          32|          32|
    |tmp_4_30_fu_1290_p2            |     *    |      3|  0|  20|          32|          32|
    |tmp_4_31_fu_1316_p2            |     *    |      3|  0|  20|          32|          32|
    |tmp_4_32_fu_1342_p2            |     *    |      3|  0|  20|          32|          32|
    |tmp_4_33_fu_1368_p2            |     *    |      3|  0|  20|          32|          32|
    |tmp_4_34_fu_1394_p2            |     *    |      3|  0|  20|          32|          32|
    |tmp_4_35_fu_1420_p2            |     *    |      3|  0|  20|          32|          32|
    |tmp_4_36_fu_1446_p2            |     *    |      3|  0|  20|          32|          32|
    |tmp_4_37_fu_1472_p2            |     *    |      3|  0|  20|          32|          32|
    |tmp_4_38_fu_1498_p2            |     *    |      3|  0|  20|          32|          32|
    |tmp_4_39_fu_1524_p2            |     *    |      3|  0|  20|          32|          32|
    |tmp_4_3_fu_562_p2              |     *    |      3|  0|  20|          32|          32|
    |tmp_4_40_fu_1550_p2            |     *    |      3|  0|  20|          32|          32|
    |tmp_4_41_fu_1576_p2            |     *    |      3|  0|  20|          32|          32|
    |tmp_4_42_fu_1602_p2            |     *    |      3|  0|  20|          32|          32|
    |tmp_4_43_fu_1628_p2            |     *    |      3|  0|  20|          32|          32|
    |tmp_4_44_fu_1654_p2            |     *    |      3|  0|  20|          32|          32|
    |tmp_4_45_fu_1680_p2            |     *    |      3|  0|  20|          32|          32|
    |tmp_4_46_fu_1706_p2            |     *    |      3|  0|  20|          32|          32|
    |tmp_4_47_fu_1732_p2            |     *    |      3|  0|  20|          32|          32|
    |tmp_4_48_fu_1758_p2            |     *    |      3|  0|  20|          32|          32|
    |tmp_4_49_fu_1784_p2            |     *    |      3|  0|  20|          32|          32|
    |tmp_4_4_fu_588_p2              |     *    |      3|  0|  20|          32|          32|
    |tmp_4_50_fu_1810_p2            |     *    |      3|  0|  20|          32|          32|
    |tmp_4_51_fu_1836_p2            |     *    |      3|  0|  20|          32|          32|
    |tmp_4_52_fu_1862_p2            |     *    |      3|  0|  20|          32|          32|
    |tmp_4_53_fu_1888_p2            |     *    |      3|  0|  20|          32|          32|
    |tmp_4_54_fu_1914_p2            |     *    |      3|  0|  20|          32|          32|
    |tmp_4_55_fu_1940_p2            |     *    |      3|  0|  20|          32|          32|
    |tmp_4_56_fu_1966_p2            |     *    |      3|  0|  20|          32|          32|
    |tmp_4_57_fu_1992_p2            |     *    |      3|  0|  20|          32|          32|
    |tmp_4_58_fu_2018_p2            |     *    |      3|  0|  20|          32|          32|
    |tmp_4_59_fu_2044_p2            |     *    |      3|  0|  20|          32|          32|
    |tmp_4_5_fu_614_p2              |     *    |      3|  0|  20|          32|          32|
    |tmp_4_60_fu_2070_p2            |     *    |      3|  0|  20|          32|          32|
    |tmp_4_61_fu_2096_p2            |     *    |      3|  0|  20|          32|          32|
    |tmp_4_62_fu_2122_p2            |     *    |      3|  0|  20|          32|          32|
    |tmp_4_6_fu_640_p2              |     *    |      3|  0|  20|          32|          32|
    |tmp_4_7_fu_666_p2              |     *    |      3|  0|  20|          32|          32|
    |tmp_4_8_fu_692_p2              |     *    |      3|  0|  20|          32|          32|
    |tmp_4_9_fu_718_p2              |     *    |      3|  0|  20|          32|          32|
    |tmp_4_s_fu_744_p2              |     *    |      3|  0|  20|          32|          32|
    |tmp_s_fu_484_p2                |     *    |      3|  0|  20|          32|          32|
    |i_1_fu_407_p2                  |     +    |      0|  0|  15|           1|           7|
    |indvar_flatten_next_fu_401_p2  |     +    |      0|  0|  20|          13|           1|
    |j_1_fu_445_p2                  |     +    |      0|  0|  15|           7|           1|
    |temp_1_62_cast_fu_2805_p2      |     +    |      0|  0|  31|          31|          31|
    |temp_1_s_fu_2798_p2            |     +    |      0|  0|  31|          32|          32|
    |tmp100_fu_2476_p2              |     +    |      0|  0|  39|          32|          32|
    |tmp101_fu_2482_p2              |     +    |      0|  0|  39|          32|          32|
    |tmp102_fu_2584_p2              |     +    |      0|  0|  31|          32|          32|
    |tmp103_fu_2540_p2              |     +    |      0|  0|  31|          32|          32|
    |tmp104_fu_2520_p2              |     +    |      0|  0|  39|          32|          32|
    |tmp105_fu_2526_p2              |     +    |      0|  0|  39|          32|          32|
    |tmp106_fu_2566_p2              |     +    |      0|  0|  39|          32|          32|
    |tmp107_fu_2546_p2              |     +    |      0|  0|  39|          32|          32|
    |tmp108_fu_2552_p2              |     +    |      0|  0|  39|          32|          32|
    |tmp109_fu_2754_p2              |     +    |      0|  0|  31|          32|          32|
    |tmp110_fu_2666_p2              |     +    |      0|  0|  31|          32|          32|
    |tmp111_fu_2622_p2              |     +    |      0|  0|  39|          32|          32|
    |tmp112_fu_2602_p2              |     +    |      0|  0|  39|          32|          32|
    |tmp113_fu_2608_p2              |     +    |      0|  0|  39|          32|          32|
    |tmp114_fu_2648_p2              |     +    |      0|  0|  39|          32|          32|
    |tmp115_fu_2628_p2              |     +    |      0|  0|  39|          32|          32|
    |tmp116_fu_2634_p2              |     +    |      0|  0|  39|          32|          32|
    |tmp117_fu_2736_p2              |     +    |      0|  0|  31|          32|          32|
    |tmp118_fu_2692_p2              |     +    |      0|  0|  31|          32|          32|
    |tmp119_fu_2672_p2              |     +    |      0|  0|  39|          32|          32|
    |tmp120_fu_2678_p2              |     +    |      0|  0|  39|          32|          32|
    |tmp121_fu_2718_p2              |     +    |      0|  0|  39|          32|          32|
    |tmp122_fu_2698_p2              |     +    |      0|  0|  39|          32|          32|
    |tmp123_fu_2704_p2              |     +    |      0|  0|  39|          32|          32|
    |tmp1_fu_2128_p2                |     +    |      0|  0|  39|          32|          32|
    |tmp2_fu_2134_p2                |     +    |      0|  0|  39|          32|          32|
    |tmp62_fu_2776_p2               |     +    |      0|  0|  31|          32|          32|
    |tmp63_fu_2280_p2               |     +    |      0|  0|  31|          32|          32|
    |tmp64_fu_2192_p2               |     +    |      0|  0|  31|          32|          32|
    |tmp65_fu_2148_p2               |     +    |      0|  0|  39|          32|          32|
    |tmp68_fu_2174_p2               |     +    |      0|  0|  39|          32|          32|
    |tmp69_fu_2154_p2               |     +    |      0|  0|  39|          32|          32|
    |tmp70_fu_2160_p2               |     +    |      0|  0|  39|          32|          32|
    |tmp71_fu_2262_p2               |     +    |      0|  0|  31|          32|          32|
    |tmp72_fu_2218_p2               |     +    |      0|  0|  31|          32|          32|
    |tmp73_fu_2198_p2               |     +    |      0|  0|  39|          32|          32|
    |tmp74_fu_2204_p2               |     +    |      0|  0|  39|          32|          32|
    |tmp75_fu_2244_p2               |     +    |      0|  0|  39|          32|          32|
    |tmp76_fu_2224_p2               |     +    |      0|  0|  39|          32|          32|
    |tmp77_fu_2230_p2               |     +    |      0|  0|  39|          32|          32|
    |tmp78_fu_2438_p2               |     +    |      0|  0|  31|          32|          32|
    |tmp79_fu_2350_p2               |     +    |      0|  0|  31|          32|          32|
    |tmp80_fu_2306_p2               |     +    |      0|  0|  39|          32|          32|
    |tmp81_fu_2286_p2               |     +    |      0|  0|  39|          32|          32|
    |tmp82_fu_2292_p2               |     +    |      0|  0|  39|          32|          32|
    |tmp83_fu_2332_p2               |     +    |      0|  0|  39|          32|          32|
    |tmp84_fu_2312_p2               |     +    |      0|  0|  39|          32|          32|
    |tmp85_fu_2318_p2               |     +    |      0|  0|  39|          32|          32|
    |tmp86_fu_2420_p2               |     +    |      0|  0|  31|          32|          32|
    |tmp87_fu_2376_p2               |     +    |      0|  0|  31|          32|          32|
    |tmp88_fu_2356_p2               |     +    |      0|  0|  39|          32|          32|
    |tmp89_fu_2362_p2               |     +    |      0|  0|  39|          32|          32|
    |tmp90_fu_2402_p2               |     +    |      0|  0|  39|          32|          32|
    |tmp91_fu_2382_p2               |     +    |      0|  0|  39|          32|          32|
    |tmp92_fu_2388_p2               |     +    |      0|  0|  39|          32|          32|
    |tmp93_fu_2784_p2               |     +    |      0|  0|  31|          32|          32|
    |tmp94_fu_2780_p2               |     +    |      0|  0|  31|          32|          32|
    |tmp95_fu_2514_p2               |     +    |      0|  0|  31|          32|          32|
    |tmp96_fu_2470_p2               |     +    |      0|  0|  31|          32|          32|
    |tmp97_fu_2450_p2               |     +    |      0|  0|  39|          32|          32|
    |tmp98_fu_2456_p2               |     +    |      0|  0|  39|          32|          32|
    |tmp99_fu_2496_p2               |     +    |      0|  0|  39|          32|          32|
    |tmp_137_fu_2180_p2             |     +    |      0|  0|  31|          31|          31|
    |tmp_138_fu_2186_p2             |     +    |      0|  0|  38|          31|          31|
    |tmp_143_fu_2250_p2             |     +    |      0|  0|  38|          31|          31|
    |tmp_144_fu_2256_p2             |     +    |      0|  0|  38|          31|          31|
    |tmp_145_fu_2268_p2             |     +    |      0|  0|  31|          31|          31|
    |tmp_146_fu_2274_p2             |     +    |      0|  0|  31|          31|          31|
    |tmp_151_fu_2338_p2             |     +    |      0|  0|  31|          31|          31|
    |tmp_152_fu_2344_p2             |     +    |      0|  0|  38|          31|          31|
    |tmp_157_fu_2408_p2             |     +    |      0|  0|  31|          31|          31|
    |tmp_158_fu_2414_p2             |     +    |      0|  0|  38|          31|          31|
    |tmp_159_fu_2426_p2             |     +    |      0|  0|  31|          31|          31|
    |tmp_160_fu_2432_p2             |     +    |      0|  0|  31|          31|          31|
    |tmp_161_fu_2772_p2             |     +    |      0|  0|  31|          31|          31|
    |tmp_162_fu_2444_p2             |     +    |      0|  0|  31|          31|          31|
    |tmp_167_fu_2502_p2             |     +    |      0|  0|  31|          31|          31|
    |tmp_168_fu_2508_p2             |     +    |      0|  0|  38|          31|          31|
    |tmp_173_fu_2572_p2             |     +    |      0|  0|  38|          31|          31|
    |tmp_174_fu_2578_p2             |     +    |      0|  0|  38|          31|          31|
    |tmp_175_fu_2590_p2             |     +    |      0|  0|  31|          31|          31|
    |tmp_176_fu_2596_p2             |     +    |      0|  0|  31|          31|          31|
    |tmp_181_fu_2654_p2             |     +    |      0|  0|  31|          31|          31|
    |tmp_182_fu_2660_p2             |     +    |      0|  0|  38|          31|          31|
    |tmp_187_fu_2724_p2             |     +    |      0|  0|  38|          31|          31|
    |tmp_188_fu_2730_p2             |     +    |      0|  0|  38|          31|          31|
    |tmp_189_fu_2742_p2             |     +    |      0|  0|  31|          31|          31|
    |tmp_190_fu_2748_p2             |     +    |      0|  0|  31|          31|          31|
    |tmp_191_fu_2760_p2             |     +    |      0|  0|  31|          31|          31|
    |tmp_192_fu_2766_p2             |     +    |      0|  0|  31|          31|          31|
    |tmp_193_fu_2789_p2             |     +    |      0|  0|  31|          31|          31|
    |tmp_194_fu_2794_p2             |     +    |      0|  0|  31|          31|          31|
    |tmp_3_fu_465_p2                |     +    |      0|  0|  21|          14|          14|
    |ap_condition_1741              |    and   |      0|  0|   2|           1|           1|
    |exitcond_flatten_fu_395_p2     |   icmp   |      0|  0|  13|          13|          14|
    |exitcond_fu_413_p2             |   icmp   |      0|  0|  11|           7|           8|
    |tmp_7_fu_2811_p2               |   icmp   |      0|  0|  20|          32|           1|
    |j_mid2_fu_419_p3               |  select  |      0|  0|   7|           1|           1|
    |tmp_8_fu_2817_p3               |  select  |      0|  0|  31|           1|          31|
    |tmp_mid2_v_fu_427_p3           |  select  |      0|  0|   7|           1|           7|
    |ap_enable_pp0                  |    xor   |      0|  0|   2|           1|           2|
    |ap_enable_reg_pp0_iter1        |    xor   |      0|  0|   2|           2|           1|
    +-------------------------------+----------+-------+---+----+------------+------------+
    |Total                          |          |    192|  0|4781|        5119|        5114|
    +-------------------------------+----------+-------+---+----+------------+------------+

    * Multiplexer: 
    +-------------------------------------+----+-----------+-----+-----------+
    |                 Name                | LUT| Input Size| Bits| Total Bits|
    +-------------------------------------+----+-----------+-----+-----------+
    |ap_NS_fsm                            |  21|          4|    1|          4|
    |ap_enable_reg_pp0_iter1              |   9|          2|    1|          2|
    |ap_enable_reg_pp0_iter2              |   9|          2|    1|          2|
    |ap_phi_mux_i_phi_fu_367_p4           |   9|          2|    7|         14|
    |ap_phi_mux_storemerge_phi_fu_388_p4  |  15|          3|   32|         96|
    |i_reg_363                            |   9|          2|    7|         14|
    |indvar_flatten_reg_352               |   9|          2|   13|         26|
    |j_reg_374                            |   9|          2|    7|         14|
    +-------------------------------------+----+-----------+-----+-----------+
    |Total                                |  90|         19|   69|        172|
    +-------------------------------------+----+-----------+-----+-----------+

    * Register: 
    +-----------------------------------------+----+----+-----+-----------+
    |                   Name                  | FF | LUT| Bits| Const Bits|
    +-----------------------------------------+----+----+-----+-----------+
    |C_addr_reg_2869                          |  12|   0|   12|          0|
    |ap_CS_fsm                                |   3|   0|    3|          0|
    |ap_enable_reg_pp0_iter0                  |   1|   0|    1|          0|
    |ap_enable_reg_pp0_iter1                  |   1|   0|    1|          0|
    |ap_enable_reg_pp0_iter2                  |   1|   0|    1|          0|
    |exitcond_flatten_reg_2834                |   1|   0|    1|          0|
    |exitcond_flatten_reg_2834_pp0_iter1_reg  |   1|   0|    1|          0|
    |i_reg_363                                |   7|   0|    7|          0|
    |indvar_flatten_reg_352                   |  13|   0|   13|          0|
    |j_mid2_reg_2843                          |   7|   0|    7|          0|
    |j_reg_374                                |   7|   0|    7|          0|
    |tmp102_reg_2904                          |  32|   0|   32|          0|
    |tmp109_reg_2909                          |  32|   0|   32|          0|
    |tmp63_reg_2874                           |  32|   0|   32|          0|
    |tmp78_reg_2889                           |  32|   0|   32|          0|
    |tmp95_reg_2899                           |  32|   0|   32|          0|
    |tmp_159_reg_2879                         |  31|   0|   31|          0|
    |tmp_160_reg_2884                         |  31|   0|   31|          0|
    |tmp_162_reg_2894                         |  31|   0|   31|          0|
    |tmp_191_reg_2914                         |  31|   0|   31|          0|
    |tmp_192_reg_2919                         |  31|   0|   31|          0|
    |tmp_mid2_v_reg_2848                      |   7|   0|    7|          0|
    +-----------------------------------------+----+----+-----+-----------+
    |Total                                    | 376|   0|  376|          0|
    +-----------------------------------------+----+----+-----+-----------+



================================================================
== Interface
================================================================
* Summary: 
+------------+-----+------+------------+--------------+--------------+
|  RTL Ports | Dir | Bits |  Protocol  | Source Object|    C Type    |
+------------+-----+------+------------+--------------+--------------+
|ap_clk      |  in |     1| ap_ctrl_hs |  matrix_mult | return value |
|ap_rst      |  in |     1| ap_ctrl_hs |  matrix_mult | return value |
|ap_start    |  in |     1| ap_ctrl_hs |  matrix_mult | return value |
|ap_done     | out |     1| ap_ctrl_hs |  matrix_mult | return value |
|ap_idle     | out |     1| ap_ctrl_hs |  matrix_mult | return value |
|ap_ready    | out |     1| ap_ctrl_hs |  matrix_mult | return value |
|A_address0  | out |     6|  ap_memory |       A      |     array    |
|A_ce0       | out |     1|  ap_memory |       A      |     array    |
|A_q0        |  in |  2048|  ap_memory |       A      |     array    |
|B_address0  | out |     6|  ap_memory |       B      |     array    |
|B_ce0       | out |     1|  ap_memory |       B      |     array    |
|B_q0        |  in |  2048|  ap_memory |       B      |     array    |
|C_address0  | out |    12|  ap_memory |       C      |     array    |
|C_ce0       | out |     1|  ap_memory |       C      |     array    |
|C_we0       | out |     1|  ap_memory |       C      |     array    |
|C_d0        | out |    32|  ap_memory |       C      |     array    |
|relu        |  in |     1|   ap_none  |     relu     |    scalar    |
+------------+-----+------+------------+--------------+--------------+

